### BTest baseline data generated by btest-diff. Do not edit. Use "btest -U/-u" to update. Requires BTest >= 0.63.
### NOTE: This file has been sorted with diff-sort.
T, [op=1, m_type=1, xid=15645, secs=0 secs, flags=0, ciaddr=0.0.0.0, yiaddr=0.0.0.0, siaddr=0.0.0.0, giaddr=0.0.0.0, chaddr=00:0b:82:01:fc:42, sname=, file_n=], [options=[53, 61, 50, 55], subnet_mask=<uninitialized>, routers=<uninitialized>, dns_servers=<uninitialized>, host_name=<uninitialized>, domain_name=<uninitialized>, forwarding=<uninitialized>, broadcast=<uninitialized>, vendor=<uninitialized>, nbns=<uninitialized>, addr_request=0.0.0.0, lease=<uninitialized>, serv_addr=<uninitialized>, param_list=[1, 3, 6, 42], message=<uninitialized>, max_msg_size=<uninitialized>, renewal_time=<uninitialized>, rebinding_time=<uninitialized>, vendor_class=<uninitialized>, client_id=[hwtype=1, hwaddr=00:0b:82:01:fc:42], user_class=<uninitialized>, client_fqdn=<uninitialized>, sub_opt=<uninitialized>, auto_config=<uninitialized>, auto_proxy_config=<uninitialized>, time_offset=<uninitialized>, time_servers=<uninitialized>, name_servers=<uninitialized>, ntp_servers=<uninitialized>]
T, [op=1, m_type=3, xid=15646, secs=0 secs, flags=0, ciaddr=0.0.0.0, yiaddr=0.0.0.0, siaddr=0.0.0.0, giaddr=0.0.0.0, chaddr=00:0b:82:01:fc:42, sname=, file_n=], [options=[53, 61, 50, 54, 55], subnet_mask=<uninitialized>, routers=<uninitialized>, dns_servers=<uninitialized>, host_name=<uninitialized>, domain_name=<uninitialized>, forwarding=<uninitialized>, broadcast=<uninitialized>, vendor=<uninitialized>, nbns=<uninitialized>, addr_request=192.168.0.10, lease=<uninitialized>, serv_addr=192.168.0.1, param_list=[1, 3, 6, 42], message=<uninitialized>, max_msg_size=<uninitialized>, renewal_time=<uninitialized>, rebinding_time=<uninitialized>, vendor_class=<uninitialized>, client_id=[hwtype=1, hwaddr=00:0b:82:01:fc:42], user_class=<uninitialized>, client_fqdn=<uninitialized>, sub_opt=<uninitialized>, auto_config=<uninitialized>, auto_proxy_config=<uninitialized>, time_offset=<uninitialized>, time_servers=<uninitialized>, name_servers=<uninitialized>, ntp_servers=<uninitialized>]
